------------------------------------------------------------
Timing Analyzer Summary
------------------------------------------------------------

Type  : Slow 1100mV 85C Model Setup 'clk'
Slack : -0.557
TNS   : -1.592

Type  : Slow 1100mV 85C Model Hold 'clk'
Slack : 0.548
TNS   : 0.000

Type  : Slow 1100mV 85C Model Minimum Pulse Width 'clk'
Slack : -0.724
TNS   : -5.539

Type  : Slow 1100mV 0C Model Setup 'clk'
Slack : -0.626
TNS   : -1.781

Type  : Slow 1100mV 0C Model Hold 'clk'
Slack : 0.528
TNS   : 0.000

Type  : Slow 1100mV 0C Model Minimum Pulse Width 'clk'
Slack : -0.724
TNS   : -5.544

Type  : Fast 1100mV 85C Model Setup 'clk'
Slack : 0.372
TNS   : 0.000

Type  : Fast 1100mV 85C Model Hold 'clk'
Slack : 0.182
TNS   : 0.000

Type  : Fast 1100mV 85C Model Minimum Pulse Width 'clk'
Slack : -0.085
TNS   : -0.424

Type  : Fast 1100mV 0C Model Setup 'clk'
Slack : 0.394
TNS   : 0.000

Type  : Fast 1100mV 0C Model Hold 'clk'
Slack : 0.172
TNS   : 0.000

Type  : Fast 1100mV 0C Model Minimum Pulse Width 'clk'
Slack : -0.085
TNS   : -0.423

------------------------------------------------------------
