------------------------------------------------------------
Timing Analyzer Summary
------------------------------------------------------------

Type  : Slow 1100mV 85C Model Setup 'clk'
Slack : -0.341
TNS   : -1.218

Type  : Slow 1100mV 85C Model Hold 'clk'
Slack : 0.540
TNS   : 0.000

Type  : Slow 1100mV 85C Model Minimum Pulse Width 'clk'
Slack : -0.724
TNS   : -4.434

Type  : Slow 1100mV 0C Model Setup 'clk'
Slack : -0.257
TNS   : -0.925

Type  : Slow 1100mV 0C Model Hold 'clk'
Slack : 0.512
TNS   : 0.000

Type  : Slow 1100mV 0C Model Minimum Pulse Width 'clk'
Slack : -0.724
TNS   : -4.444

Type  : Fast 1100mV 85C Model Setup 'clk'
Slack : 0.385
TNS   : 0.000

Type  : Fast 1100mV 85C Model Hold 'clk'
Slack : 0.238
TNS   : 0.000

Type  : Fast 1100mV 85C Model Minimum Pulse Width 'clk'
Slack : -0.085
TNS   : -0.338

Type  : Fast 1100mV 0C Model Setup 'clk'
Slack : 0.430
TNS   : 0.000

Type  : Fast 1100mV 0C Model Hold 'clk'
Slack : 0.211
TNS   : 0.000

Type  : Fast 1100mV 0C Model Minimum Pulse Width 'clk'
Slack : -0.085
TNS   : -0.336

------------------------------------------------------------
