------------------------------------------------------------
Timing Analyzer Summary
------------------------------------------------------------

Type  : Slow 1100mV 85C Model Setup 'clk'
Slack : -0.552
TNS   : -3.472

Type  : Slow 1100mV 85C Model Hold 'clk'
Slack : 0.323
TNS   : 0.000

Type  : Slow 1100mV 85C Model Minimum Pulse Width 'clk'
Slack : -0.724
TNS   : -8.860

Type  : Slow 1100mV 0C Model Setup 'clk'
Slack : -0.631
TNS   : -3.643

Type  : Slow 1100mV 0C Model Hold 'clk'
Slack : 0.301
TNS   : 0.000

Type  : Slow 1100mV 0C Model Minimum Pulse Width 'clk'
Slack : -0.724
TNS   : -9.040

Type  : Fast 1100mV 85C Model Setup 'clk'
Slack : 0.385
TNS   : 0.000

Type  : Fast 1100mV 85C Model Hold 'clk'
Slack : 0.144
TNS   : 0.000

Type  : Fast 1100mV 85C Model Minimum Pulse Width 'clk'
Slack : -0.079
TNS   : -0.628

Type  : Fast 1100mV 0C Model Setup 'clk'
Slack : 0.409
TNS   : 0.000

Type  : Fast 1100mV 0C Model Hold 'clk'
Slack : 0.131
TNS   : 0.000

Type  : Fast 1100mV 0C Model Minimum Pulse Width 'clk'
Slack : -0.080
TNS   : -0.632

------------------------------------------------------------
