------------------------------------------------------------
Timing Analyzer Summary
------------------------------------------------------------

Type  : Slow 1100mV 85C Model Setup 'clk'
Slack : -0.465
TNS   : -1.867

Type  : Slow 1100mV 85C Model Hold 'clk'
Slack : 0.476
TNS   : 0.000

Type  : Slow 1100mV 85C Model Minimum Pulse Width 'clk'
Slack : -0.724
TNS   : -5.544

Type  : Slow 1100mV 0C Model Setup 'clk'
Slack : -0.525
TNS   : -1.898

Type  : Slow 1100mV 0C Model Hold 'clk'
Slack : 0.473
TNS   : 0.000

Type  : Slow 1100mV 0C Model Minimum Pulse Width 'clk'
Slack : -0.724
TNS   : -5.540

Type  : Fast 1100mV 85C Model Setup 'clk'
Slack : 0.385
TNS   : 0.000

Type  : Fast 1100mV 85C Model Hold 'clk'
Slack : 0.182
TNS   : 0.000

Type  : Fast 1100mV 85C Model Minimum Pulse Width 'clk'
Slack : -0.085
TNS   : -0.424

Type  : Fast 1100mV 0C Model Setup 'clk'
Slack : 0.412
TNS   : 0.000

Type  : Fast 1100mV 0C Model Hold 'clk'
Slack : 0.171
TNS   : 0.000

Type  : Fast 1100mV 0C Model Minimum Pulse Width 'clk'
Slack : -0.085
TNS   : -0.423

------------------------------------------------------------
