Analysis & Synthesis report for simplified_sha256
Wed Sep 10 20:20:52 2025
Quartus Prime Version 20.1.1 Build 720 11/11/2020 SJ Lite Edition


---------------------
; Table of Contents ;
---------------------
  1. Legal Notice
  2. Analysis & Synthesis Summary
  3. Analysis & Synthesis Settings
  4. Parallel Compilation
  5. Analysis & Synthesis Source Files Read
  6. Analysis & Synthesis Resource Usage Summary
  7. Analysis & Synthesis Resource Utilization by Entity
  8. State Machine - |simplified_sha256|state
  9. Registers Removed During Synthesis
 10. General Register Statistics
 11. Multiplexer Restructuring Statistics (Restructuring Performed)
 12. Parameter Settings for User Entity Instance: Top-level Entity: |simplified_sha256
 13. Post-Synthesis Netlist Statistics for Top Partition
 14. Elapsed Time Per Partition
 15. Analysis & Synthesis Messages



----------------
; Legal Notice ;
----------------
Copyright (C) 2020  Intel Corporation. All rights reserved.
Your use of Intel Corporation's design tools, logic functions 
and other software and tools, and any partner logic 
functions, and any output files from any of the foregoing 
(including device programming or simulation files), and any 
associated documentation or information are expressly subject 
to the terms and conditions of the Intel Program License 
Subscription Agreement, the Intel Quartus Prime License Agreement,
the Intel FPGA IP License Agreement, or other applicable license
agreement, including, without limitation, that your use is for
the sole purpose of programming logic devices manufactured by
Intel and sold by Intel or its authorized distributors.  Please
refer to the applicable agreement for further details, at
https://fpgasoftware.intel.com/eula.



+---------------------------------------------------------------------------------+
; Analysis & Synthesis Summary                                                    ;
+-----------------------------------+---------------------------------------------+
; Analysis & Synthesis Status       ; Successful - Wed Sep 10 20:20:52 2025       ;
; Quartus Prime Version             ; 20.1.1 Build 720 11/11/2020 SJ Lite Edition ;
; Revision Name                     ; simplified_sha256                           ;
; Top-level Entity Name             ; simplified_sha256                           ;
; Family                            ; Arria II GX                                 ;
; Logic utilization                 ; N/A                                         ;
;     Combinational ALUTs           ; 1,898                                       ;
;     Memory ALUTs                  ; 0                                           ;
;     Dedicated logic registers     ; 1,751                                       ;
; Total registers                   ; 1751                                        ;
; Total pins                        ; 118                                         ;
; Total virtual pins                ; 0                                           ;
; Total block memory bits           ; 0                                           ;
; DSP block 18-bit elements         ; 0                                           ;
; Total GXB Receiver Channel PCS    ; 0                                           ;
; Total GXB Receiver Channel PMA    ; 0                                           ;
; Total GXB Transmitter Channel PCS ; 0                                           ;
; Total GXB Transmitter Channel PMA ; 0                                           ;
; Total PLLs                        ; 0                                           ;
; Total DLLs                        ; 0                                           ;
+-----------------------------------+---------------------------------------------+


+---------------------------------------------------------------------------------------------------------------------------+
; Analysis & Synthesis Settings                                                                                             ;
+---------------------------------------------------------------------------------+--------------------+--------------------+
; Option                                                                          ; Setting            ; Default Value      ;
+---------------------------------------------------------------------------------+--------------------+--------------------+
; Device                                                                          ; EP2AGX45DF29I5     ;                    ;
; Top-level entity name                                                           ; simplified_sha256  ; simplified_sha256  ;
; Family name                                                                     ; Arria II GX        ; Cyclone V          ;
; Auto ROM Replacement                                                            ; Off                ; On                 ;
; Auto RAM Replacement                                                            ; Off                ; On                 ;
; Use smart compilation                                                           ; Off                ; Off                ;
; Enable parallel Assembler and Timing Analyzer during compilation                ; On                 ; On                 ;
; Enable compact report table                                                     ; Off                ; Off                ;
; Restructure Multiplexers                                                        ; Auto               ; Auto               ;
; MLAB Add Timing Constraints For Mixed-Port Feed-Through Mode Setting Don't Care ; Off                ; Off                ;
; Create Debugging Nodes for IP Cores                                             ; Off                ; Off                ;
; Preserve fewer node names                                                       ; On                 ; On                 ;
; Intel FPGA IP Evaluation Mode                                                   ; Enable             ; Enable             ;
; Verilog Version                                                                 ; Verilog_2001       ; Verilog_2001       ;
; VHDL Version                                                                    ; VHDL_1993          ; VHDL_1993          ;
; State Machine Processing                                                        ; Auto               ; Auto               ;
; Safe State Machine                                                              ; Off                ; Off                ;
; Extract Verilog State Machines                                                  ; On                 ; On                 ;
; Extract VHDL State Machines                                                     ; On                 ; On                 ;
; Ignore Verilog initial constructs                                               ; Off                ; Off                ;
; Iteration limit for constant Verilog loops                                      ; 5000               ; 5000               ;
; Iteration limit for non-constant Verilog loops                                  ; 250                ; 250                ;
; Add Pass-Through Logic to Inferred RAMs                                         ; On                 ; On                 ;
; Infer RAMs from Raw Logic                                                       ; On                 ; On                 ;
; Parallel Synthesis                                                              ; On                 ; On                 ;
; DSP Block Balancing                                                             ; Auto               ; Auto               ;
; NOT Gate Push-Back                                                              ; On                 ; On                 ;
; Power-Up Don't Care                                                             ; On                 ; On                 ;
; Remove Redundant Logic Cells                                                    ; Off                ; Off                ;
; Remove Duplicate Registers                                                      ; On                 ; On                 ;
; Ignore CARRY Buffers                                                            ; Off                ; Off                ;
; Ignore CASCADE Buffers                                                          ; Off                ; Off                ;
; Ignore GLOBAL Buffers                                                           ; Off                ; Off                ;
; Ignore ROW GLOBAL Buffers                                                       ; Off                ; Off                ;
; Ignore LCELL Buffers                                                            ; Off                ; Off                ;
; Ignore SOFT Buffers                                                             ; On                 ; On                 ;
; Limit AHDL Integers to 32 Bits                                                  ; Off                ; Off                ;
; Optimization Technique                                                          ; Balanced           ; Balanced           ;
; Carry Chain Length                                                              ; 70                 ; 70                 ;
; Auto Carry Chains                                                               ; On                 ; On                 ;
; Auto Open-Drain Pins                                                            ; On                 ; On                 ;
; Perform WYSIWYG Primitive Resynthesis                                           ; Off                ; Off                ;
; Auto DSP Block Replacement                                                      ; On                 ; On                 ;
; Auto Shift Register Replacement                                                 ; Auto               ; Auto               ;
; Allow Shift Register Merging across Hierarchies                                 ; Auto               ; Auto               ;
; Auto Clock Enable Replacement                                                   ; On                 ; On                 ;
; Strict RAM Replacement                                                          ; Off                ; Off                ;
; Allow Synchronous Control Signals                                               ; On                 ; On                 ;
; Force Use of Synchronous Clear Signals                                          ; Off                ; Off                ;
; Auto RAM Block Balancing                                                        ; On                 ; On                 ;
; Auto RAM to Logic Cell Conversion                                               ; Off                ; Off                ;
; Auto Resource Sharing                                                           ; Off                ; Off                ;
; Allow Any RAM Size For Recognition                                              ; Off                ; Off                ;
; Allow Any ROM Size For Recognition                                              ; Off                ; Off                ;
; Allow Any Shift Register Size For Recognition                                   ; Off                ; Off                ;
; Use LogicLock Constraints during Resource Balancing                             ; On                 ; On                 ;
; Ignore translate_off and synthesis_off directives                               ; Off                ; Off                ;
; Timing-Driven Synthesis                                                         ; On                 ; On                 ;
; Report Parameter Settings                                                       ; On                 ; On                 ;
; Report Source Assignments                                                       ; On                 ; On                 ;
; Report Connectivity Checks                                                      ; On                 ; On                 ;
; Ignore Maximum Fan-Out Assignments                                              ; Off                ; Off                ;
; Synchronization Register Chain Length                                           ; 3                  ; 3                  ;
; Power Optimization During Synthesis                                             ; Normal compilation ; Normal compilation ;
; HDL message level                                                               ; Level2             ; Level2             ;
; Suppress Register Optimization Related Messages                                 ; Off                ; Off                ;
; Number of Removed Registers Reported in Synthesis Report                        ; 5000               ; 5000               ;
; Number of Swept Nodes Reported in Synthesis Report                              ; 5000               ; 5000               ;
; Number of Inverted Registers Reported in Synthesis Report                       ; 100                ; 100                ;
; Clock MUX Protection                                                            ; On                 ; On                 ;
; Auto Gated Clock Conversion                                                     ; Off                ; Off                ;
; Block Design Naming                                                             ; Auto               ; Auto               ;
; SDC constraint protection                                                       ; Off                ; Off                ;
; Synthesis Effort                                                                ; Auto               ; Auto               ;
; Shift Register Replacement - Allow Asynchronous Clear Signal                    ; On                 ; On                 ;
; Pre-Mapping Resynthesis Optimization                                            ; Off                ; Off                ;
; Analysis & Synthesis Message Level                                              ; Medium             ; Medium             ;
; Disable Register Merging Across Hierarchies                                     ; Auto               ; Auto               ;
; Resource Aware Inference For Block RAM                                          ; On                 ; On                 ;
+---------------------------------------------------------------------------------+--------------------+--------------------+


+------------------------------------------+
; Parallel Compilation                     ;
+----------------------------+-------------+
; Processors                 ; Number      ;
+----------------------------+-------------+
; Number detected on machine ; 24          ;
; Maximum allowed            ; 16          ;
;                            ;             ;
; Average used               ; 1.00        ;
; Maximum used               ; 16          ;
;                            ;             ;
; Usage by Processor         ; % Time Used ;
;     Processor 1            ; 100.0%      ;
;     Processor 2            ;   0.1%      ;
;     Processor 3            ;   0.0%      ;
;     Processor 4            ;   0.0%      ;
;     Processor 5            ;   0.0%      ;
;     Processor 6            ;   0.0%      ;
;     Processor 7            ;   0.0%      ;
;     Processor 8            ;   0.0%      ;
;     Processors 9-16        ;   0.0%      ;
+----------------------------+-------------+


+-----------------------------------------------------------------------------------------------------------------------------------------------------------------------------------------------------+
; Analysis & Synthesis Source Files Read                                                                                                                                                              ;
+----------------------------------+-----------------+------------------------------------+-------------------------------------------------------------------------------------------------+---------+
; File Name with User-Entered Path ; Used in Netlist ; File Type                          ; File Name with Absolute Path                                                                    ; Library ;
+----------------------------------+-----------------+------------------------------------+-------------------------------------------------------------------------------------------------+---------+
; simplified_sha256.sv             ; yes             ; Auto-Found SystemVerilog HDL File  ; C:/Users/Jaspe/repositories/ECE 111 Lab HW/Final_Project/simplified_sha256/simplified_sha256.sv ;         ;
+----------------------------------+-----------------+------------------------------------+-------------------------------------------------------------------------------------------------+---------+


+-----------------------------------------------------------+
; Analysis & Synthesis Resource Usage Summary               ;
+-----------------------------------------------+-----------+
; Resource                                      ; Usage     ;
+-----------------------------------------------+-----------+
; Estimated ALUTs Used                          ; 1898      ;
;     -- Combinational ALUTs                    ; 1898      ;
;     -- Memory ALUTs                           ; 0         ;
;     -- LUT_REGs                               ; 0         ;
; Dedicated logic registers                     ; 1751      ;
;                                               ;           ;
; Estimated ALUTs Unavailable                   ; 0         ;
;     -- Due to unpartnered combinational logic ; 0         ;
;     -- Due to Memory ALUTs                    ; 0         ;
;                                               ;           ;
; Total combinational functions                 ; 1898      ;
; Combinational ALUT usage by number of inputs  ;           ;
;     -- 7 input functions                      ; 0         ;
;     -- 6 input functions                      ; 311       ;
;     -- 5 input functions                      ; 4         ;
;     -- 4 input functions                      ; 14        ;
;     -- <=3 input functions                    ; 1569      ;
;                                               ;           ;
; Combinational ALUTs by mode                   ;           ;
;     -- normal mode                            ; 1274      ;
;     -- extended LUT mode                      ; 0         ;
;     -- arithmetic mode                        ; 496       ;
;     -- shared arithmetic mode                 ; 128       ;
;                                               ;           ;
; Estimated ALUT/register pairs used            ; 2527      ;
;                                               ;           ;
; Total registers                               ; 1751      ;
;     -- Dedicated logic registers              ; 1751      ;
;     -- I/O registers                          ; 0         ;
;     -- LUT_REGs                               ; 0         ;
;                                               ;           ;
;                                               ;           ;
; I/O pins                                      ; 118       ;
;                                               ;           ;
; DSP block 18-bit elements                     ; 0         ;
;                                               ;           ;
; Maximum fan-out node                          ; clk~input ;
; Maximum fan-out                               ; 1752      ;
; Total fan-out                                 ; 13437     ;
; Average fan-out                               ; 3.46      ;
+-----------------------------------------------+-----------+


+----------------------------------------------------------------------------------------------------------------------------------------------------------------------------------------------------------------------------------------------+
; Analysis & Synthesis Resource Utilization by Entity                                                                                                                                                                                          ;
+----------------------------+---------------------+---------------------------+-------------------+--------------+---------+-----------+-----------+-----------+------+--------------+---------------------+-------------------+--------------+
; Compilation Hierarchy Node ; Combinational ALUTs ; Dedicated Logic Registers ; Block Memory Bits ; DSP Elements ; DSP 9x9 ; DSP 12x12 ; DSP 18x18 ; DSP 36x36 ; Pins ; Virtual Pins ; Full Hierarchy Name ; Entity Name       ; Library Name ;
+----------------------------+---------------------+---------------------------+-------------------+--------------+---------+-----------+-----------+-----------+------+--------------+---------------------+-------------------+--------------+
; |simplified_sha256         ; 1898 (1898)         ; 1751 (1751)               ; 0                 ; 0            ; 0       ; 0         ; 0         ; 0         ; 118  ; 0            ; |simplified_sha256  ; simplified_sha256 ; work         ;
+----------------------------+---------------------+---------------------------+-------------------+--------------+---------+-----------+-----------+-----------+------+--------------+---------------------+-------------------+--------------+
Note: For table entries with two numbers listed, the numbers in parentheses indicate the number of resources of the given type used by the specific entity alone. The numbers listed outside of parentheses indicate the total resources of the given type used by the specific entity and all of its sub-entities in the hierarchy.


Encoding Type:  One-Hot
+--------------------------------------------------------------------------------------------------+
; State Machine - |simplified_sha256|state                                                         ;
+---------------+-------------+---------------+-------------+------------+------------+------------+
; Name          ; state.WRITE ; state.COMPUTE ; state.BLOCK ; state.READ ; state.WAIT ; state.IDLE ;
+---------------+-------------+---------------+-------------+------------+------------+------------+
; state.IDLE    ; 0           ; 0             ; 0           ; 0          ; 0          ; 0          ;
; state.WAIT    ; 0           ; 0             ; 0           ; 0          ; 1          ; 1          ;
; state.READ    ; 0           ; 0             ; 0           ; 1          ; 0          ; 1          ;
; state.BLOCK   ; 0           ; 0             ; 1           ; 0          ; 0          ; 1          ;
; state.COMPUTE ; 0           ; 1             ; 0           ; 0          ; 0          ; 1          ;
; state.WRITE   ; 1           ; 0             ; 0           ; 0          ; 0          ; 1          ;
+---------------+-------------+---------------+-------------+------------+------------+------------+


+------------------------------------------------------------+
; Registers Removed During Synthesis                         ;
+---------------------------------------+--------------------+
; Register name                         ; Reason for Removal ;
+---------------------------------------+--------------------+
; state~10                              ; Lost fanout        ;
; state~11                              ; Lost fanout        ;
; state~12                              ; Lost fanout        ;
; Total Number of Removed Registers = 3 ;                    ;
+---------------------------------------+--------------------+


+------------------------------------------------------+
; General Register Statistics                          ;
+----------------------------------------------+-------+
; Statistic                                    ; Value ;
+----------------------------------------------+-------+
; Total registers                              ; 1751  ;
; Number of registers using Synchronous Clear  ; 581   ;
; Number of registers using Synchronous Load   ; 411   ;
; Number of registers using Asynchronous Clear ; 39    ;
; Number of registers using Asynchronous Load  ; 0     ;
; Number of registers using Clock Enable       ; 1744  ;
; Number of registers using Preset             ; 0     ;
+----------------------------------------------+-------+


+-----------------------------------------------------------------------------------------------------------------------------------------------------+
; Multiplexer Restructuring Statistics (Restructuring Performed)                                                                                      ;
+--------------------+-----------+---------------+----------------------+------------------------+------------+---------------------------------------+
; Multiplexer Inputs ; Bus Width ; Baseline Area ; Area if Restructured ; Saving if Restructured ; Registered ; Example Multiplexer Output            ;
+--------------------+-----------+---------------+----------------------+------------------------+------------+---------------------------------------+
; 4:1                ; 192 bits  ; 384 ALUTs     ; 0 ALUTs              ; 384 ALUTs              ; Yes        ; |simplified_sha256|h[4]               ;
; 5:1                ; 384 bits  ; 1152 ALUTs    ; 768 ALUTs            ; 384 ALUTs              ; Yes        ; |simplified_sha256|w[15][26]          ;
; 5:1                ; 128 bits  ; 384 ALUTs     ; 256 ALUTs            ; 128 ALUTs              ; Yes        ; |simplified_sha256|w[1][11]           ;
; 5:1                ; 256 bits  ; 768 ALUTs     ; 256 ALUTs            ; 512 ALUTs              ; Yes        ; |simplified_sha256|h1[5]              ;
; 5:1                ; 8 bits    ; 24 ALUTs      ; 0 ALUTs              ; 24 ALUTs               ; Yes        ; |simplified_sha256|j[1]               ;
; 6:1                ; 16 bits   ; 64 ALUTs      ; 0 ALUTs              ; 64 ALUTs               ; Yes        ; |simplified_sha256|cur_addr[1]        ;
; 6:1                ; 64 bits   ; 256 ALUTs     ; 128 ALUTs            ; 128 ALUTs              ; Yes        ; |simplified_sha256|e[14]              ;
; 256:1              ; 32 bits   ; 5440 ALUTs    ; 160 ALUTs            ; 5280 ALUTs             ; Yes        ; |simplified_sha256|cur_write_data[29] ;
; 10:1               ; 8 bits    ; 48 ALUTs      ; 0 ALUTs              ; 48 ALUTs               ; Yes        ; |simplified_sha256|offset[8]          ;
; 10:1               ; 8 bits    ; 48 ALUTs      ; 0 ALUTs              ; 48 ALUTs               ; Yes        ; |simplified_sha256|offset[1]          ;
; 10:1               ; 8 bits    ; 48 ALUTs      ; 0 ALUTs              ; 48 ALUTs               ; Yes        ; |simplified_sha256|i[7]               ;
; 16:1               ; 32 bits   ; 320 ALUTs     ; 320 ALUTs            ; 0 ALUTs                ; No         ; |simplified_sha256|Mux6               ;
; 7:1                ; 2 bits    ; 8 ALUTs       ; 6 ALUTs              ; 2 ALUTs                ; No         ; |simplified_sha256|Selector330        ;
+--------------------+-----------+---------------+----------------------+------------------------+------------+---------------------------------------+


+-----------------------------------------------------------------------------------+
; Parameter Settings for User Entity Instance: Top-level Entity: |simplified_sha256 ;
+----------------+-------+----------------------------------------------------------+
; Parameter Name ; Value ; Type                                                     ;
+----------------+-------+----------------------------------------------------------+
; NUM_OF_WORDS   ; 20    ; Signed Integer                                           ;
+----------------+-------+----------------------------------------------------------+
Note: In order to hide this table in the UI and the text report file, please set the "Show Parameter Settings in Synthesis Report" option in "Analysis and Synthesis Settings -> More Settings" to "Off".


+-----------------------------------------------------+
; Post-Synthesis Netlist Statistics for Top Partition ;
+-----------------------+-----------------------------+
; Type                  ; Count                       ;
+-----------------------+-----------------------------+
; arriaii_ff            ; 1751                        ;
;     CLR               ; 7                           ;
;     ENA               ; 776                         ;
;     ENA CLR SCLR      ; 32                          ;
;     ENA SCLR          ; 525                         ;
;     ENA SCLR SLD      ; 24                          ;
;     ENA SLD           ; 387                         ;
; boundary_port         ; 118                         ;
; stratixiv_lcell_comb  ; 1899                        ;
;     arith             ; 496                         ;
;         1 data inputs ; 32                          ;
;         2 data inputs ; 454                         ;
;         3 data inputs ; 10                          ;
;     normal            ; 1275                        ;
;         1 data inputs ; 1                           ;
;         2 data inputs ; 150                         ;
;         3 data inputs ; 795                         ;
;         4 data inputs ; 14                          ;
;         5 data inputs ; 4                           ;
;         6 data inputs ; 311                         ;
;     shared            ; 128                         ;
;         3 data inputs ; 128                         ;
;                       ;                             ;
; Max LUT depth         ; 8.10                        ;
; Average LUT depth     ; 4.29                        ;
+-----------------------+-----------------------------+


+-------------------------------+
; Elapsed Time Per Partition    ;
+----------------+--------------+
; Partition Name ; Elapsed Time ;
+----------------+--------------+
; Top            ; 00:00:01     ;
+----------------+--------------+


+-------------------------------+
; Analysis & Synthesis Messages ;
+-------------------------------+
Info: *******************************************************************
Info: Running Quartus Prime Analysis & Synthesis
    Info: Version 20.1.1 Build 720 11/11/2020 SJ Lite Edition
    Info: Processing started: Wed Sep 10 20:20:44 2025
Info: Command: quartus_map --read_settings_files=on --write_settings_files=off simplified_sha256 -c simplified_sha256
Warning (18236): Number of processors has not been specified which may cause overloading on shared machines.  Set the global assignment NUM_PARALLEL_PROCESSORS in your QSF to an appropriate value for best performance.
Info (20030): Parallel compilation is enabled and will use 16 of the 16 processors detected
Warning (12125): Using design file simplified_sha256.sv, which is not specified as a design file for the current project, but contains definitions for 1 design units and 1 entities in project
    Info (12023): Found entity 1: simplified_sha256 File: C:/Users/Jaspe/repositories/ECE 111 Lab HW/Final_Project/simplified_sha256/simplified_sha256.sv Line: 1
Warning (10222): Verilog HDL Parameter Declaration warning at simplified_sha256.sv(38): Parameter Declaration in module "simplified_sha256" behaves as a Local Parameter Declaration because the module has a Module Parameter Port List File: C:/Users/Jaspe/repositories/ECE 111 Lab HW/Final_Project/simplified_sha256/simplified_sha256.sv Line: 38
Info (12127): Elaborating entity "simplified_sha256" for the top level hierarchy
Warning (10230): Verilog HDL assignment warning at simplified_sha256.sv(50): truncated value with size 16 to match size of target (8) File: C:/Users/Jaspe/repositories/ECE 111 Lab HW/Final_Project/simplified_sha256/simplified_sha256.sv Line: 50
Warning (10230): Verilog HDL assignment warning at simplified_sha256.sv(140): truncated value with size 32 to match size of target (16) File: C:/Users/Jaspe/repositories/ECE 111 Lab HW/Final_Project/simplified_sha256/simplified_sha256.sv Line: 140
Warning (10230): Verilog HDL assignment warning at simplified_sha256.sv(147): truncated value with size 32 to match size of target (8) File: C:/Users/Jaspe/repositories/ECE 111 Lab HW/Final_Project/simplified_sha256/simplified_sha256.sv Line: 147
Warning (10230): Verilog HDL assignment warning at simplified_sha256.sv(148): truncated value with size 32 to match size of target (16) File: C:/Users/Jaspe/repositories/ECE 111 Lab HW/Final_Project/simplified_sha256/simplified_sha256.sv Line: 148
Warning (10230): Verilog HDL assignment warning at simplified_sha256.sv(211): truncated value with size 32 to match size of target (8) File: C:/Users/Jaspe/repositories/ECE 111 Lab HW/Final_Project/simplified_sha256/simplified_sha256.sv Line: 211
Warning (10230): Verilog HDL assignment warning at simplified_sha256.sv(224): truncated value with size 32 to match size of target (8) File: C:/Users/Jaspe/repositories/ECE 111 Lab HW/Final_Project/simplified_sha256/simplified_sha256.sv Line: 224
Warning (10230): Verilog HDL assignment warning at simplified_sha256.sv(249): truncated value with size 32 to match size of target (8) File: C:/Users/Jaspe/repositories/ECE 111 Lab HW/Final_Project/simplified_sha256/simplified_sha256.sv Line: 249
Info (286030): Timing-Driven Synthesis is running
Info (17049): 3 registers lost all their fanouts during netlist optimizations.
Info (16010): Generating hard_block partition "hard_block:auto_generated_inst"
    Info (16011): Adding 0 node(s), including 0 DDIO, 0 PLL, 0 transceiver and 0 LCELL
Info (21057): Implemented 2865 device resources after synthesis - the final resource count might be different
    Info (21058): Implemented 67 input pins
    Info (21059): Implemented 51 output pins
    Info (21061): Implemented 2747 logic cells
Info: Quartus Prime Analysis & Synthesis was successful. 0 errors, 10 warnings
    Info: Peak virtual memory: 4945 megabytes
    Info: Processing ended: Wed Sep 10 20:20:52 2025
    Info: Elapsed time: 00:00:08
    Info: Total CPU time (on all processors): 00:00:14


