Analysis & Synthesis report for bitcoin_hash
Wed Sep 10 19:42:28 2025
Quartus Prime Version 20.1.1 Build 720 11/11/2020 SJ Lite Edition


---------------------
; Table of Contents ;
---------------------
  1. Legal Notice
  2. Analysis & Synthesis Summary
  3. Analysis & Synthesis Settings
  4. Parallel Compilation
  5. Analysis & Synthesis Source Files Read
  6. Analysis & Synthesis Resource Usage Summary
  7. Analysis & Synthesis Resource Utilization by Entity
  8. State Machine - |bitcoin_hash|state
  9. Registers Removed During Synthesis
 10. General Register Statistics
 11. Multiplexer Restructuring Statistics (Restructuring Performed)
 12. Parameter Settings for User Entity Instance: Top-level Entity: |bitcoin_hash
 13. Post-Synthesis Netlist Statistics for Top Partition
 14. Elapsed Time Per Partition
 15. Analysis & Synthesis Messages
 16. Analysis & Synthesis Suppressed Messages



----------------
; Legal Notice ;
----------------
Copyright (C) 2020  Intel Corporation. All rights reserved.
Your use of Intel Corporation's design tools, logic functions 
and other software and tools, and any partner logic 
functions, and any output files from any of the foregoing 
(including device programming or simulation files), and any 
associated documentation or information are expressly subject 
to the terms and conditions of the Intel Program License 
Subscription Agreement, the Intel Quartus Prime License Agreement,
the Intel FPGA IP License Agreement, or other applicable license
agreement, including, without limitation, that your use is for
the sole purpose of programming logic devices manufactured by
Intel and sold by Intel or its authorized distributors.  Please
refer to the applicable agreement for further details, at
https://fpgasoftware.intel.com/eula.



+---------------------------------------------------------------------------------+
; Analysis & Synthesis Summary                                                    ;
+-----------------------------------+---------------------------------------------+
; Analysis & Synthesis Status       ; Successful - Wed Sep 10 19:42:27 2025       ;
; Quartus Prime Version             ; 20.1.1 Build 720 11/11/2020 SJ Lite Edition ;
; Revision Name                     ; bitcoin_hash                                ;
; Top-level Entity Name             ; bitcoin_hash                                ;
; Family                            ; Arria II GX                                 ;
; Logic utilization                 ; N/A                                         ;
;     Combinational ALUTs           ; 17,655                                      ;
;     Memory ALUTs                  ; 0                                           ;
;     Dedicated logic registers     ; 11,706                                      ;
; Total registers                   ; 11706                                       ;
; Total pins                        ; 118                                         ;
; Total virtual pins                ; 0                                           ;
; Total block memory bits           ; 0                                           ;
; DSP block 18-bit elements         ; 0                                           ;
; Total GXB Receiver Channel PCS    ; 0                                           ;
; Total GXB Receiver Channel PMA    ; 0                                           ;
; Total GXB Transmitter Channel PCS ; 0                                           ;
; Total GXB Transmitter Channel PMA ; 0                                           ;
; Total PLLs                        ; 0                                           ;
; Total DLLs                        ; 0                                           ;
+-----------------------------------+---------------------------------------------+


+---------------------------------------------------------------------------------------------------------------------------+
; Analysis & Synthesis Settings                                                                                             ;
+---------------------------------------------------------------------------------+--------------------+--------------------+
; Option                                                                          ; Setting            ; Default Value      ;
+---------------------------------------------------------------------------------+--------------------+--------------------+
; Device                                                                          ; EP2AGX45DF29I5     ;                    ;
; Top-level entity name                                                           ; bitcoin_hash       ; bitcoin_hash       ;
; Family name                                                                     ; Arria II GX        ; Cyclone V          ;
; Auto RAM Replacement                                                            ; Off                ; On                 ;
; Auto Shift Register Replacement                                                 ; Off                ; Auto               ;
; Use smart compilation                                                           ; Off                ; Off                ;
; Enable parallel Assembler and Timing Analyzer during compilation                ; On                 ; On                 ;
; Enable compact report table                                                     ; Off                ; Off                ;
; Restructure Multiplexers                                                        ; Auto               ; Auto               ;
; MLAB Add Timing Constraints For Mixed-Port Feed-Through Mode Setting Don't Care ; Off                ; Off                ;
; Create Debugging Nodes for IP Cores                                             ; Off                ; Off                ;
; Preserve fewer node names                                                       ; On                 ; On                 ;
; Intel FPGA IP Evaluation Mode                                                   ; Enable             ; Enable             ;
; Verilog Version                                                                 ; Verilog_2001       ; Verilog_2001       ;
; VHDL Version                                                                    ; VHDL_1993          ; VHDL_1993          ;
; State Machine Processing                                                        ; Auto               ; Auto               ;
; Safe State Machine                                                              ; Off                ; Off                ;
; Extract Verilog State Machines                                                  ; On                 ; On                 ;
; Extract VHDL State Machines                                                     ; On                 ; On                 ;
; Ignore Verilog initial constructs                                               ; Off                ; Off                ;
; Iteration limit for constant Verilog loops                                      ; 5000               ; 5000               ;
; Iteration limit for non-constant Verilog loops                                  ; 250                ; 250                ;
; Add Pass-Through Logic to Inferred RAMs                                         ; On                 ; On                 ;
; Infer RAMs from Raw Logic                                                       ; On                 ; On                 ;
; Parallel Synthesis                                                              ; On                 ; On                 ;
; DSP Block Balancing                                                             ; Auto               ; Auto               ;
; NOT Gate Push-Back                                                              ; On                 ; On                 ;
; Power-Up Don't Care                                                             ; On                 ; On                 ;
; Remove Redundant Logic Cells                                                    ; Off                ; Off                ;
; Remove Duplicate Registers                                                      ; On                 ; On                 ;
; Ignore CARRY Buffers                                                            ; Off                ; Off                ;
; Ignore CASCADE Buffers                                                          ; Off                ; Off                ;
; Ignore GLOBAL Buffers                                                           ; Off                ; Off                ;
; Ignore ROW GLOBAL Buffers                                                       ; Off                ; Off                ;
; Ignore LCELL Buffers                                                            ; Off                ; Off                ;
; Ignore SOFT Buffers                                                             ; On                 ; On                 ;
; Limit AHDL Integers to 32 Bits                                                  ; Off                ; Off                ;
; Optimization Technique                                                          ; Balanced           ; Balanced           ;
; Carry Chain Length                                                              ; 70                 ; 70                 ;
; Auto Carry Chains                                                               ; On                 ; On                 ;
; Auto Open-Drain Pins                                                            ; On                 ; On                 ;
; Perform WYSIWYG Primitive Resynthesis                                           ; Off                ; Off                ;
; Auto ROM Replacement                                                            ; On                 ; On                 ;
; Auto DSP Block Replacement                                                      ; On                 ; On                 ;
; Allow Shift Register Merging across Hierarchies                                 ; Auto               ; Auto               ;
; Auto Clock Enable Replacement                                                   ; On                 ; On                 ;
; Strict RAM Replacement                                                          ; Off                ; Off                ;
; Allow Synchronous Control Signals                                               ; On                 ; On                 ;
; Force Use of Synchronous Clear Signals                                          ; Off                ; Off                ;
; Auto RAM Block Balancing                                                        ; On                 ; On                 ;
; Auto RAM to Logic Cell Conversion                                               ; Off                ; Off                ;
; Auto Resource Sharing                                                           ; Off                ; Off                ;
; Allow Any RAM Size For Recognition                                              ; Off                ; Off                ;
; Allow Any ROM Size For Recognition                                              ; Off                ; Off                ;
; Allow Any Shift Register Size For Recognition                                   ; Off                ; Off                ;
; Use LogicLock Constraints during Resource Balancing                             ; On                 ; On                 ;
; Ignore translate_off and synthesis_off directives                               ; Off                ; Off                ;
; Timing-Driven Synthesis                                                         ; On                 ; On                 ;
; Report Parameter Settings                                                       ; On                 ; On                 ;
; Report Source Assignments                                                       ; On                 ; On                 ;
; Report Connectivity Checks                                                      ; On                 ; On                 ;
; Ignore Maximum Fan-Out Assignments                                              ; Off                ; Off                ;
; Synchronization Register Chain Length                                           ; 3                  ; 3                  ;
; Power Optimization During Synthesis                                             ; Normal compilation ; Normal compilation ;
; HDL message level                                                               ; Level2             ; Level2             ;
; Suppress Register Optimization Related Messages                                 ; Off                ; Off                ;
; Number of Removed Registers Reported in Synthesis Report                        ; 5000               ; 5000               ;
; Number of Swept Nodes Reported in Synthesis Report                              ; 5000               ; 5000               ;
; Number of Inverted Registers Reported in Synthesis Report                       ; 100                ; 100                ;
; Clock MUX Protection                                                            ; On                 ; On                 ;
; Auto Gated Clock Conversion                                                     ; Off                ; Off                ;
; Block Design Naming                                                             ; Auto               ; Auto               ;
; SDC constraint protection                                                       ; Off                ; Off                ;
; Synthesis Effort                                                                ; Auto               ; Auto               ;
; Shift Register Replacement - Allow Asynchronous Clear Signal                    ; On                 ; On                 ;
; Pre-Mapping Resynthesis Optimization                                            ; Off                ; Off                ;
; Analysis & Synthesis Message Level                                              ; Medium             ; Medium             ;
; Disable Register Merging Across Hierarchies                                     ; Auto               ; Auto               ;
; Resource Aware Inference For Block RAM                                          ; On                 ; On                 ;
+---------------------------------------------------------------------------------+--------------------+--------------------+


+------------------------------------------+
; Parallel Compilation                     ;
+----------------------------+-------------+
; Processors                 ; Number      ;
+----------------------------+-------------+
; Number detected on machine ; 24          ;
; Maximum allowed            ; 16          ;
;                            ;             ;
; Average used               ; 1.01        ;
; Maximum used               ; 16          ;
;                            ;             ;
; Usage by Processor         ; % Time Used ;
;     Processor 1            ; 100.0%      ;
;     Processor 2            ;   0.1%      ;
;     Processor 3            ;   0.1%      ;
;     Processor 4            ;   0.1%      ;
;     Processor 5            ;   0.1%      ;
;     Processor 6            ;   0.1%      ;
;     Processor 7            ;   0.1%      ;
;     Processor 8            ;   0.1%      ;
;     Processors 9-16        ;   0.1%      ;
+----------------------------+-------------+


+-------------------------------------------------------------------------------------------------------------------------------------------------------------------------------------------+
; Analysis & Synthesis Source Files Read                                                                                                                                                    ;
+----------------------------------+-----------------+------------------------------------+---------------------------------------------------------------------------------------+---------+
; File Name with User-Entered Path ; Used in Netlist ; File Type                          ; File Name with Absolute Path                                                          ; Library ;
+----------------------------------+-----------------+------------------------------------+---------------------------------------------------------------------------------------+---------+
; bitcoin_hash.sv                  ; yes             ; Auto-Found SystemVerilog HDL File  ; C:/Users/Jaspe/repositories/ECE 111 Lab HW/Final_Project/bitcoin_hash/bitcoin_hash.sv ;         ;
+----------------------------------+-----------------+------------------------------------+---------------------------------------------------------------------------------------+---------+


+-----------------------------------------------------------+
; Analysis & Synthesis Resource Usage Summary               ;
+-----------------------------------------------+-----------+
; Resource                                      ; Usage     ;
+-----------------------------------------------+-----------+
; Estimated ALUTs Used                          ; 17655     ;
;     -- Combinational ALUTs                    ; 17655     ;
;     -- Memory ALUTs                           ; 0         ;
;     -- LUT_REGs                               ; 0         ;
; Dedicated logic registers                     ; 11706     ;
;                                               ;           ;
; Estimated ALUTs Unavailable                   ; 2248      ;
;     -- Due to unpartnered combinational logic ; 2248      ;
;     -- Due to Memory ALUTs                    ; 0         ;
;                                               ;           ;
; Total combinational functions                 ; 17655     ;
; Combinational ALUT usage by number of inputs  ;           ;
;     -- 7 input functions                      ; 700       ;
;     -- 6 input functions                      ; 2994      ;
;     -- 5 input functions                      ; 2191      ;
;     -- 4 input functions                      ; 2914      ;
;     -- <=3 input functions                    ; 8856      ;
;                                               ;           ;
; Combinational ALUTs by mode                   ;           ;
;     -- normal mode                            ; 11187     ;
;     -- extended LUT mode                      ; 700       ;
;     -- arithmetic mode                        ; 4456      ;
;     -- shared arithmetic mode                 ; 1312      ;
;                                               ;           ;
; Estimated ALUT/register pairs used            ; 23501     ;
;                                               ;           ;
; Total registers                               ; 11706     ;
;     -- Dedicated logic registers              ; 11706     ;
;     -- I/O registers                          ; 0         ;
;     -- LUT_REGs                               ; 0         ;
;                                               ;           ;
;                                               ;           ;
; I/O pins                                      ; 118       ;
;                                               ;           ;
; DSP block 18-bit elements                     ; 0         ;
;                                               ;           ;
; Maximum fan-out node                          ; clk~input ;
; Maximum fan-out                               ; 11707     ;
; Total fan-out                                 ; 119945    ;
; Average fan-out                               ; 4.05      ;
+-----------------------------------------------+-----------+


+-----------------------------------------------------------------------------------------------------------------------------------------------------------------------------------------------------------------------------------------+
; Analysis & Synthesis Resource Utilization by Entity                                                                                                                                                                                     ;
+----------------------------+---------------------+---------------------------+-------------------+--------------+---------+-----------+-----------+-----------+------+--------------+---------------------+--------------+--------------+
; Compilation Hierarchy Node ; Combinational ALUTs ; Dedicated Logic Registers ; Block Memory Bits ; DSP Elements ; DSP 9x9 ; DSP 12x12 ; DSP 18x18 ; DSP 36x36 ; Pins ; Virtual Pins ; Full Hierarchy Name ; Entity Name  ; Library Name ;
+----------------------------+---------------------+---------------------------+-------------------+--------------+---------+-----------+-----------+-----------+------+--------------+---------------------+--------------+--------------+
; |bitcoin_hash              ; 17655 (17655)       ; 11706 (11706)             ; 0                 ; 0            ; 0       ; 0         ; 0         ; 0         ; 118  ; 0            ; |bitcoin_hash       ; bitcoin_hash ; work         ;
+----------------------------+---------------------+---------------------------+-------------------+--------------+---------+-----------+-----------+-----------+------+--------------+---------------------+--------------+--------------+
Note: For table entries with two numbers listed, the numbers in parentheses indicate the number of resources of the given type used by the specific entity alone. The numbers listed outside of parentheses indicate the total resources of the given type used by the specific entity and all of its sub-entities in the hierarchy.


Encoding Type:  One-Hot
+----------------------------------------------------------------------------------------------------------------------------------------------------------------------------------------------------------+
; State Machine - |bitcoin_hash|state                                                                                                                                                                      ;
+------------------+-------------+------------------+--------------+---------------+--------------+---------------+------------------+--------------+---------------+------------+------------+------------+
; Name             ; state.WRITE ; state.WRITE_PREP ; state.P3_RUN ; state.P3_PREP ; state.P2_RUN ; state.P2_PREP ; state.NONCE_PREP ; state.P1_RUN ; state.P1_PREP ; state.READ ; state.WAIT ; state.IDLE ;
+------------------+-------------+------------------+--------------+---------------+--------------+---------------+------------------+--------------+---------------+------------+------------+------------+
; state.IDLE       ; 0           ; 0                ; 0            ; 0             ; 0            ; 0             ; 0                ; 0            ; 0             ; 0          ; 0          ; 0          ;
; state.WAIT       ; 0           ; 0                ; 0            ; 0             ; 0            ; 0             ; 0                ; 0            ; 0             ; 0          ; 1          ; 1          ;
; state.READ       ; 0           ; 0                ; 0            ; 0             ; 0            ; 0             ; 0                ; 0            ; 0             ; 1          ; 0          ; 1          ;
; state.P1_PREP    ; 0           ; 0                ; 0            ; 0             ; 0            ; 0             ; 0                ; 0            ; 1             ; 0          ; 0          ; 1          ;
; state.P1_RUN     ; 0           ; 0                ; 0            ; 0             ; 0            ; 0             ; 0                ; 1            ; 0             ; 0          ; 0          ; 1          ;
; state.NONCE_PREP ; 0           ; 0                ; 0            ; 0             ; 0            ; 0             ; 1                ; 0            ; 0             ; 0          ; 0          ; 1          ;
; state.P2_PREP    ; 0           ; 0                ; 0            ; 0             ; 0            ; 1             ; 0                ; 0            ; 0             ; 0          ; 0          ; 1          ;
; state.P2_RUN     ; 0           ; 0                ; 0            ; 0             ; 1            ; 0             ; 0                ; 0            ; 0             ; 0          ; 0          ; 1          ;
; state.P3_PREP    ; 0           ; 0                ; 0            ; 1             ; 0            ; 0             ; 0                ; 0            ; 0             ; 0          ; 0          ; 1          ;
; state.P3_RUN     ; 0           ; 0                ; 1            ; 0             ; 0            ; 0             ; 0                ; 0            ; 0             ; 0          ; 0          ; 1          ;
; state.WRITE_PREP ; 0           ; 1                ; 0            ; 0             ; 0            ; 0             ; 0                ; 0            ; 0             ; 0          ; 0          ; 1          ;
; state.WRITE      ; 1           ; 0                ; 0            ; 0             ; 0            ; 0             ; 0                ; 0            ; 0             ; 0          ; 0          ; 1          ;
+------------------+-------------+------------------+--------------+---------------+--------------+---------------+------------------+--------------+---------------+------------+------------+------------+


+--------------------------------------------------------------------------------+
; Registers Removed During Synthesis                                             ;
+---------------------------------------+----------------------------------------+
; Register name                         ; Reason for Removal                     ;
+---------------------------------------+----------------------------------------+
; nonce[1,2]                            ; Merged with nonce[0]                   ;
; nonce[0]                              ; Stuck at GND due to stuck port data_in ;
; state~16                              ; Lost fanout                            ;
; state~17                              ; Lost fanout                            ;
; state~18                              ; Lost fanout                            ;
; state~19                              ; Lost fanout                            ;
; Total Number of Removed Registers = 7 ;                                        ;
+---------------------------------------+----------------------------------------+


+------------------------------------------------------+
; General Register Statistics                          ;
+----------------------------------------------+-------+
; Statistic                                    ; Value ;
+----------------------------------------------+-------+
; Total registers                              ; 11706 ;
; Number of registers using Synchronous Clear  ; 3819  ;
; Number of registers using Synchronous Load   ; 5186  ;
; Number of registers using Asynchronous Clear ; 90    ;
; Number of registers using Asynchronous Load  ; 0     ;
; Number of registers using Clock Enable       ; 9948  ;
; Number of registers using Preset             ; 0     ;
+----------------------------------------------+-------+


+------------------------------------------------------------------------------------------------------------------------------------------------+
; Multiplexer Restructuring Statistics (Restructuring Performed)                                                                                 ;
+--------------------+-----------+---------------+----------------------+------------------------+------------+----------------------------------+
; Multiplexer Inputs ; Bus Width ; Baseline Area ; Area if Restructured ; Saving if Restructured ; Registered ; Example Multiplexer Output       ;
+--------------------+-----------+---------------+----------------------+------------------------+------------+----------------------------------+
; 16:1               ; 32 bits   ; 320 ALUTs     ; 320 ALUTs            ; 0 ALUTs                ; Yes        ; |bitcoin_hash|cur_write_data[20] ;
; 4:1                ; 136 bits  ; 272 ALUTs     ; 136 ALUTs            ; 136 ALUTs              ; Yes        ; |bitcoin_hash|fh2[15]            ;
; 4:1                ; 1764 bits ; 3528 ALUTs    ; 0 ALUTs              ; 3528 ALUTs             ; Yes        ; |bitcoin_hash|w[4][9][2]         ;
; 6:1                ; 16 bits   ; 64 ALUTs      ; 0 ALUTs              ; 64 ALUTs               ; Yes        ; |bitcoin_hash|cur_addr[2]        ;
; 5:1                ; 1344 bits ; 4032 ALUTs    ; 2688 ALUTs           ; 1344 ALUTs             ; Yes        ; |bitcoin_hash|d[6][23]           ;
; 5:1                ; 28 bits   ; 84 ALUTs      ; 56 ALUTs             ; 28 ALUTs               ; Yes        ; |bitcoin_hash|w[1][15][9]        ;
; 5:1                ; 1067 bits ; 3201 ALUTs    ; 2134 ALUTs           ; 1067 ALUTs             ; Yes        ; |bitcoin_hash|w[6][6][22]        ;
; 5:1                ; 725 bits  ; 2175 ALUTs    ; 1450 ALUTs           ; 725 ALUTs              ; Yes        ; |bitcoin_hash|w[6][0][21]        ;
; 5:1                ; 192 bits  ; 576 ALUTs     ; 384 ALUTs            ; 192 ALUTs              ; Yes        ; |bitcoin_hash|c[0][5]            ;
; 5:1                ; 252 bits  ; 756 ALUTs     ; 0 ALUTs              ; 756 ALUTs              ; Yes        ; |bitcoin_hash|w[0][11][4]        ;
; 7:1                ; 5 bits    ; 20 ALUTs      ; 10 ALUTs             ; 10 ALUTs               ; Yes        ; |bitcoin_hash|nonce[3]           ;
; 7:1                ; 8 bits    ; 32 ALUTs      ; 0 ALUTs              ; 32 ALUTs               ; Yes        ; |bitcoin_hash|offset[8]          ;
; 7:1                ; 8 bits    ; 32 ALUTs      ; 0 ALUTs              ; 32 ALUTs               ; Yes        ; |bitcoin_hash|offset[6]          ;
; 6:1                ; 4 bits    ; 16 ALUTs      ; 8 ALUTs              ; 8 ALUTs                ; Yes        ; |bitcoin_hash|w[0][8][31]        ;
; 6:1                ; 152 bits  ; 608 ALUTs     ; 304 ALUTs            ; 304 ALUTs              ; Yes        ; |bitcoin_hash|w[0][6][7]         ;
; 6:1                ; 103 bits  ; 412 ALUTs     ; 206 ALUTs            ; 206 ALUTs              ; Yes        ; |bitcoin_hash|w[0][1][28]        ;
; 10:1               ; 256 bits  ; 1536 ALUTs    ; 512 ALUTs            ; 1024 ALUTs             ; Yes        ; |bitcoin_hash|h7[4][0]           ;
; 10:1               ; 256 bits  ; 1536 ALUTs    ; 512 ALUTs            ; 1024 ALUTs             ; Yes        ; |bitcoin_hash|h5[12][22]         ;
; 10:1               ; 256 bits  ; 1536 ALUTs    ; 512 ALUTs            ; 1024 ALUTs             ; Yes        ; |bitcoin_hash|h0[1][23]          ;
; 10:1               ; 256 bits  ; 1536 ALUTs    ; 512 ALUTs            ; 1024 ALUTs             ; Yes        ; |bitcoin_hash|h6[2][13]          ;
; 10:1               ; 256 bits  ; 1536 ALUTs    ; 512 ALUTs            ; 1024 ALUTs             ; Yes        ; |bitcoin_hash|h3[3][29]          ;
; 10:1               ; 256 bits  ; 1536 ALUTs    ; 512 ALUTs            ; 1024 ALUTs             ; Yes        ; |bitcoin_hash|h0[11][30]         ;
; 10:1               ; 256 bits  ; 1536 ALUTs    ; 512 ALUTs            ; 1024 ALUTs             ; Yes        ; |bitcoin_hash|h4[5][14]          ;
; 10:1               ; 256 bits  ; 1536 ALUTs    ; 512 ALUTs            ; 1024 ALUTs             ; Yes        ; |bitcoin_hash|h0[13][0]          ;
; 10:1               ; 256 bits  ; 1536 ALUTs    ; 512 ALUTs            ; 1024 ALUTs             ; Yes        ; |bitcoin_hash|h1[6][31]          ;
; 10:1               ; 256 bits  ; 1536 ALUTs    ; 512 ALUTs            ; 1024 ALUTs             ; Yes        ; |bitcoin_hash|h1[14][31]         ;
; 10:1               ; 256 bits  ; 1536 ALUTs    ; 512 ALUTs            ; 1024 ALUTs             ; Yes        ; |bitcoin_hash|h7[9][17]          ;
; 10:1               ; 256 bits  ; 1536 ALUTs    ; 512 ALUTs            ; 1024 ALUTs             ; Yes        ; |bitcoin_hash|h4[10][5]          ;
; 11:1               ; 448 bits  ; 3136 ALUTs    ; 1344 ALUTs           ; 1792 ALUTs             ; Yes        ; |bitcoin_hash|e[7][1]            ;
; 10:1               ; 8 bits    ; 48 ALUTs      ; 0 ALUTs              ; 48 ALUTs               ; Yes        ; |bitcoin_hash|i[4]               ;
; 12:1               ; 256 bits  ; 2048 ALUTs    ; 1024 ALUTs           ; 1024 ALUTs             ; Yes        ; |bitcoin_hash|h2[0][16]          ;
; 12:1               ; 256 bits  ; 2048 ALUTs    ; 1024 ALUTs           ; 1024 ALUTs             ; Yes        ; |bitcoin_hash|h7[7][17]          ;
; 12:1               ; 256 bits  ; 2048 ALUTs    ; 1024 ALUTs           ; 1024 ALUTs             ; Yes        ; |bitcoin_hash|h3[8][14]          ;
; 12:1               ; 256 bits  ; 2048 ALUTs    ; 1024 ALUTs           ; 1024 ALUTs             ; Yes        ; |bitcoin_hash|h0[15][26]         ;
; 15:1               ; 64 bits   ; 640 ALUTs     ; 256 ALUTs            ; 384 ALUTs              ; Yes        ; |bitcoin_hash|e[0][18]           ;
; 4:1                ; 256 bits  ; 512 ALUTs     ; 512 ALUTs            ; 0 ALUTs                ; No         ; |bitcoin_hash|Mux380             ;
; 4:1                ; 256 bits  ; 512 ALUTs     ; 512 ALUTs            ; 0 ALUTs                ; No         ; |bitcoin_hash|Mux1157            ;
; 4:1                ; 256 bits  ; 512 ALUTs     ; 512 ALUTs            ; 0 ALUTs                ; No         ; |bitcoin_hash|Mux1536            ;
; 4:1                ; 256 bits  ; 512 ALUTs     ; 512 ALUTs            ; 0 ALUTs                ; No         ; |bitcoin_hash|Mux1905            ;
; 4:1                ; 256 bits  ; 512 ALUTs     ; 512 ALUTs            ; 0 ALUTs                ; No         ; |bitcoin_hash|Mux2182            ;
; 4:1                ; 512 bits  ; 1024 ALUTs    ; 1024 ALUTs           ; 0 ALUTs                ; No         ; |bitcoin_hash|Mux533             ;
; 8:1                ; 256 bits  ; 1280 ALUTs    ; 1280 ALUTs           ; 0 ALUTs                ; No         ; |bitcoin_hash|Mux1410            ;
; 16:1               ; 256 bits  ; 2560 ALUTs    ; 2560 ALUTs           ; 0 ALUTs                ; No         ; |bitcoin_hash|Mux10              ;
; 9:1                ; 3 bits    ; 18 ALUTs      ; 12 ALUTs             ; 6 ALUTs                ; No         ; |bitcoin_hash|Selector25         ;
; 10:1               ; 2 bits    ; 12 ALUTs      ; 6 ALUTs              ; 6 ALUTs                ; No         ; |bitcoin_hash|Selector34         ;
; 11:1               ; 2 bits    ; 14 ALUTs      ; 8 ALUTs              ; 6 ALUTs                ; No         ; |bitcoin_hash|Selector32         ;
+--------------------+-----------+---------------+----------------------+------------------------+------------+----------------------------------+


+--------------------------------------------------------------------------------------------------------------------+
; Parameter Settings for User Entity Instance: Top-level Entity: |bitcoin_hash                                       ;
+----------------+----------------------------------------------------------------------------------+----------------+
; Parameter Name ; Value                                                                            ; Type           ;
+----------------+----------------------------------------------------------------------------------+----------------+
; num_nonces     ; 16                                                                               ; Signed Integer ;
; k              ; (1116352408,1899447441,-1245643825,-373957723,961987163,1508970993,-1841331548,- ; Array/Record   ;
; k              ; 1424204075,-670586216,310598401,607225278,1426881987,1925078388,-2132889090,-168 ;                ;
; k              ; 0079193,-1046744716,-459576895,-272742522,264347078,604807628,770255983,12491501 ;                ;
; k              ; 22,1555081692,1996064986,-1740746414,-1473132947,-1341970488,-1084653625,-958395 ;                ;
; k              ; 405,-710438585,113926993,338241895,666307205,773529912,1294757372,1396182291,169 ;                ;
; k              ; 5183700,1986661051,-2117940946,-1838011259,-1564481375,-1474664885,-1035236496,- ;                ;
; k              ; 949202525,-778901479,-694614492,-200395387,275423344,430227734,506948616,6590605 ;                ;
; k              ; 56,883997877,958139571,1322822218,1537002063,1747873779,1955562222,2024104815,-2 ;                ;
;                ; 067236844,-1933114872,-1866530822,-1538233109,-1090935817,-965641998)            ;                ;
+----------------+----------------------------------------------------------------------------------+----------------+
Note: In order to hide this table in the UI and the text report file, please set the "Show Parameter Settings in Synthesis Report" option in "Analysis and Synthesis Settings -> More Settings" to "Off".


+-----------------------------------------------------+
; Post-Synthesis Netlist Statistics for Top Partition ;
+-----------------------+-----------------------------+
; Type                  ; Count                       ;
+-----------------------+-----------------------------+
; arriaii_ff            ; 11706                       ;
;     CLR               ; 13                          ;
;     ENA               ; 1186                        ;
;     ENA CLR           ; 33                          ;
;     ENA CLR SCLR      ; 20                          ;
;     ENA CLR SCLR SLD  ; 24                          ;
;     ENA SCLR          ; 3523                        ;
;     ENA SCLR SLD      ; 252                         ;
;     ENA SLD           ; 4910                        ;
;     plain             ; 1745                        ;
; boundary_port         ; 118                         ;
; stratixiv_lcell_comb  ; 17656                       ;
;     arith             ; 4456                        ;
;         1 data inputs ; 24                          ;
;         2 data inputs ; 2304                        ;
;         3 data inputs ; 80                          ;
;         4 data inputs ; 2048                        ;
;     extend            ; 700                         ;
;         7 data inputs ; 700                         ;
;     normal            ; 11188                       ;
;         1 data inputs ; 2                           ;
;         2 data inputs ; 1752                        ;
;         3 data inputs ; 3383                        ;
;         4 data inputs ; 866                         ;
;         5 data inputs ; 2191                        ;
;         6 data inputs ; 2994                        ;
;     shared            ; 1312                        ;
;         3 data inputs ; 1312                        ;
;                       ;                             ;
; Max LUT depth         ; 9.10                        ;
; Average LUT depth     ; 4.91                        ;
+-----------------------+-----------------------------+


+-------------------------------+
; Elapsed Time Per Partition    ;
+----------------+--------------+
; Partition Name ; Elapsed Time ;
+----------------+--------------+
; Top            ; 00:00:40     ;
+----------------+--------------+


+-------------------------------+
; Analysis & Synthesis Messages ;
+-------------------------------+
Info: *******************************************************************
Info: Running Quartus Prime Analysis & Synthesis
    Info: Version 20.1.1 Build 720 11/11/2020 SJ Lite Edition
    Info: Processing started: Wed Sep 10 19:41:29 2025
Info: Command: quartus_map --read_settings_files=on --write_settings_files=off bitcoin_hash -c bitcoin_hash
Warning (18236): Number of processors has not been specified which may cause overloading on shared machines.  Set the global assignment NUM_PARALLEL_PROCESSORS in your QSF to an appropriate value for best performance.
Info (20030): Parallel compilation is enabled and will use 16 of the 16 processors detected
Warning (12125): Using design file bitcoin_hash.sv, which is not specified as a design file for the current project, but contains definitions for 1 design units and 1 entities in project
    Info (12023): Found entity 1: bitcoin_hash File: C:/Users/Jaspe/repositories/ECE 111 Lab HW/Final_Project/bitcoin_hash/bitcoin_hash.sv Line: 1
Info (12127): Elaborating entity "bitcoin_hash" for the top level hierarchy
Info (10008): Verilog HDL or VHDL information: EDA Netlist Writer cannot regroup multidimensional array "w" into its bus
Info (286030): Timing-Driven Synthesis is running
Info (17049): 4 registers lost all their fanouts during netlist optimizations.
Info (144001): Generated suppressed messages file C:/Users/Jaspe/repositories/ECE 111 Lab HW/Final_Project/bitcoin_hash/output_files/bitcoin_hash.map.smsg
Info (16010): Generating hard_block partition "hard_block:auto_generated_inst"
    Info (16011): Adding 0 node(s), including 0 DDIO, 0 PLL, 0 transceiver and 0 LCELL
Info (21057): Implemented 23526 device resources after synthesis - the final resource count might be different
    Info (21058): Implemented 67 input pins
    Info (21059): Implemented 51 output pins
    Info (21061): Implemented 23408 logic cells
Info: Quartus Prime Analysis & Synthesis was successful. 0 errors, 2 warnings
    Info: Peak virtual memory: 5240 megabytes
    Info: Processing ended: Wed Sep 10 19:42:28 2025
    Info: Elapsed time: 00:00:59
    Info: Total CPU time (on all processors): 00:01:04


+------------------------------------------+
; Analysis & Synthesis Suppressed Messages ;
+------------------------------------------+
The suppressed messages can be found in C:/Users/Jaspe/repositories/ECE 111 Lab HW/Final_Project/bitcoin_hash/output_files/bitcoin_hash.map.smsg.


