------------------------------------------------------------
Timing Analyzer Summary
------------------------------------------------------------

Type  : Slow 1100mV 85C Model Setup 'clk'
Slack : -0.421
TNS   : -1.972

Type  : Slow 1100mV 85C Model Hold 'clk'
Slack : 0.501
TNS   : 0.000

Type  : Slow 1100mV 85C Model Minimum Pulse Width 'clk'
Slack : -0.724
TNS   : -5.570

Type  : Slow 1100mV 0C Model Setup 'clk'
Slack : -0.488
TNS   : -2.141

Type  : Slow 1100mV 0C Model Hold 'clk'
Slack : 0.496
TNS   : 0.000

Type  : Slow 1100mV 0C Model Minimum Pulse Width 'clk'
Slack : -0.724
TNS   : -5.597

Type  : Fast 1100mV 85C Model Setup 'clk'
Slack : 0.395
TNS   : 0.000

Type  : Fast 1100mV 85C Model Hold 'clk'
Slack : 0.204
TNS   : 0.000

Type  : Fast 1100mV 85C Model Minimum Pulse Width 'clk'
Slack : -0.084
TNS   : -0.415

Type  : Fast 1100mV 0C Model Setup 'clk'
Slack : 0.421
TNS   : 0.000

Type  : Fast 1100mV 0C Model Hold 'clk'
Slack : 0.188
TNS   : 0.000

Type  : Fast 1100mV 0C Model Minimum Pulse Width 'clk'
Slack : -0.083
TNS   : -0.409

------------------------------------------------------------
