Analysis & Synthesis report for uart_top
Mon Aug 25 17:22:31 2025
Quartus Prime Version 20.1.1 Build 720 11/11/2020 SJ Lite Edition


---------------------
; Table of Contents ;
---------------------
  1. Legal Notice
  2. Analysis & Synthesis Summary
  3. Analysis & Synthesis Settings
  4. Parallel Compilation
  5. Analysis & Synthesis Source Files Read
  6. Analysis & Synthesis Resource Usage Summary
  7. Analysis & Synthesis Resource Utilization by Entity
  8. State Machine - |uart_top|uart_rx:rx|state
  9. State Machine - |uart_top|uart_tx:tx|state
 10. Registers Removed During Synthesis
 11. General Register Statistics
 12. Multiplexer Restructuring Statistics (Restructuring Performed)
 13. Parameter Settings for User Entity Instance: Top-level Entity: |uart_top
 14. Parameter Settings for User Entity Instance: uart_tx:tx
 15. Parameter Settings for User Entity Instance: uart_rx:rx
 16. Post-Synthesis Netlist Statistics for Top Partition
 17. Elapsed Time Per Partition
 18. Analysis & Synthesis Messages



----------------
; Legal Notice ;
----------------
Copyright (C) 2020  Intel Corporation. All rights reserved.
Your use of Intel Corporation's design tools, logic functions 
and other software and tools, and any partner logic 
functions, and any output files from any of the foregoing 
(including device programming or simulation files), and any 
associated documentation or information are expressly subject 
to the terms and conditions of the Intel Program License 
Subscription Agreement, the Intel Quartus Prime License Agreement,
the Intel FPGA IP License Agreement, or other applicable license
agreement, including, without limitation, that your use is for
the sole purpose of programming logic devices manufactured by
Intel and sold by Intel or its authorized distributors.  Please
refer to the applicable agreement for further details, at
https://fpgasoftware.intel.com/eula.



+-------------------------------------------------------------------------------+
; Analysis & Synthesis Summary                                                  ;
+---------------------------------+---------------------------------------------+
; Analysis & Synthesis Status     ; Successful - Mon Aug 25 17:22:31 2025       ;
; Quartus Prime Version           ; 20.1.1 Build 720 11/11/2020 SJ Lite Edition ;
; Revision Name                   ; uart_top                                    ;
; Top-level Entity Name           ; uart_top                                    ;
; Family                          ; Cyclone V                                   ;
; Logic utilization (in ALMs)     ; N/A                                         ;
; Total registers                 ; 38                                          ;
; Total pins                      ; 23                                          ;
; Total virtual pins              ; 0                                           ;
; Total block memory bits         ; 0                                           ;
; Total DSP Blocks                ; 0                                           ;
; Total HSSI RX PCSs              ; 0                                           ;
; Total HSSI PMA RX Deserializers ; 0                                           ;
; Total HSSI TX PCSs              ; 0                                           ;
; Total HSSI PMA TX Serializers   ; 0                                           ;
; Total PLLs                      ; 0                                           ;
; Total DLLs                      ; 0                                           ;
+---------------------------------+---------------------------------------------+


+---------------------------------------------------------------------------------------------------------------------------+
; Analysis & Synthesis Settings                                                                                             ;
+---------------------------------------------------------------------------------+--------------------+--------------------+
; Option                                                                          ; Setting            ; Default Value      ;
+---------------------------------------------------------------------------------+--------------------+--------------------+
; Device                                                                          ; 5CGXFC7C7F23C8     ;                    ;
; Top-level entity name                                                           ; uart_top           ; uart_top           ;
; Family name                                                                     ; Cyclone V          ; Cyclone V          ;
; Use smart compilation                                                           ; Off                ; Off                ;
; Enable parallel Assembler and Timing Analyzer during compilation                ; On                 ; On                 ;
; Enable compact report table                                                     ; Off                ; Off                ;
; Restructure Multiplexers                                                        ; Auto               ; Auto               ;
; MLAB Add Timing Constraints For Mixed-Port Feed-Through Mode Setting Don't Care ; Off                ; Off                ;
; Create Debugging Nodes for IP Cores                                             ; Off                ; Off                ;
; Preserve fewer node names                                                       ; On                 ; On                 ;
; Intel FPGA IP Evaluation Mode                                                   ; Enable             ; Enable             ;
; Verilog Version                                                                 ; Verilog_2001       ; Verilog_2001       ;
; VHDL Version                                                                    ; VHDL_1993          ; VHDL_1993          ;
; State Machine Processing                                                        ; Auto               ; Auto               ;
; Safe State Machine                                                              ; Off                ; Off                ;
; Extract Verilog State Machines                                                  ; On                 ; On                 ;
; Extract VHDL State Machines                                                     ; On                 ; On                 ;
; Ignore Verilog initial constructs                                               ; Off                ; Off                ;
; Iteration limit for constant Verilog loops                                      ; 5000               ; 5000               ;
; Iteration limit for non-constant Verilog loops                                  ; 250                ; 250                ;
; Add Pass-Through Logic to Inferred RAMs                                         ; On                 ; On                 ;
; Infer RAMs from Raw Logic                                                       ; On                 ; On                 ;
; Parallel Synthesis                                                              ; On                 ; On                 ;
; DSP Block Balancing                                                             ; Auto               ; Auto               ;
; NOT Gate Push-Back                                                              ; On                 ; On                 ;
; Power-Up Don't Care                                                             ; On                 ; On                 ;
; Remove Redundant Logic Cells                                                    ; Off                ; Off                ;
; Remove Duplicate Registers                                                      ; On                 ; On                 ;
; Ignore CARRY Buffers                                                            ; Off                ; Off                ;
; Ignore CASCADE Buffers                                                          ; Off                ; Off                ;
; Ignore GLOBAL Buffers                                                           ; Off                ; Off                ;
; Ignore ROW GLOBAL Buffers                                                       ; Off                ; Off                ;
; Ignore LCELL Buffers                                                            ; Off                ; Off                ;
; Ignore SOFT Buffers                                                             ; On                 ; On                 ;
; Limit AHDL Integers to 32 Bits                                                  ; Off                ; Off                ;
; Optimization Technique                                                          ; Balanced           ; Balanced           ;
; Carry Chain Length                                                              ; 70                 ; 70                 ;
; Auto Carry Chains                                                               ; On                 ; On                 ;
; Auto Open-Drain Pins                                                            ; On                 ; On                 ;
; Perform WYSIWYG Primitive Resynthesis                                           ; Off                ; Off                ;
; Auto ROM Replacement                                                            ; On                 ; On                 ;
; Auto RAM Replacement                                                            ; On                 ; On                 ;
; Auto DSP Block Replacement                                                      ; On                 ; On                 ;
; Auto Shift Register Replacement                                                 ; Auto               ; Auto               ;
; Allow Shift Register Merging across Hierarchies                                 ; Auto               ; Auto               ;
; Auto Clock Enable Replacement                                                   ; On                 ; On                 ;
; Strict RAM Replacement                                                          ; Off                ; Off                ;
; Allow Synchronous Control Signals                                               ; On                 ; On                 ;
; Force Use of Synchronous Clear Signals                                          ; Off                ; Off                ;
; Auto Resource Sharing                                                           ; Off                ; Off                ;
; Allow Any RAM Size For Recognition                                              ; Off                ; Off                ;
; Allow Any ROM Size For Recognition                                              ; Off                ; Off                ;
; Allow Any Shift Register Size For Recognition                                   ; Off                ; Off                ;
; Use LogicLock Constraints during Resource Balancing                             ; On                 ; On                 ;
; Ignore translate_off and synthesis_off directives                               ; Off                ; Off                ;
; Timing-Driven Synthesis                                                         ; On                 ; On                 ;
; Report Parameter Settings                                                       ; On                 ; On                 ;
; Report Source Assignments                                                       ; On                 ; On                 ;
; Report Connectivity Checks                                                      ; On                 ; On                 ;
; Ignore Maximum Fan-Out Assignments                                              ; Off                ; Off                ;
; Synchronization Register Chain Length                                           ; 3                  ; 3                  ;
; Power Optimization During Synthesis                                             ; Normal compilation ; Normal compilation ;
; HDL message level                                                               ; Level2             ; Level2             ;
; Suppress Register Optimization Related Messages                                 ; Off                ; Off                ;
; Number of Removed Registers Reported in Synthesis Report                        ; 5000               ; 5000               ;
; Number of Swept Nodes Reported in Synthesis Report                              ; 5000               ; 5000               ;
; Number of Inverted Registers Reported in Synthesis Report                       ; 100                ; 100                ;
; Clock MUX Protection                                                            ; On                 ; On                 ;
; Auto Gated Clock Conversion                                                     ; Off                ; Off                ;
; Block Design Naming                                                             ; Auto               ; Auto               ;
; SDC constraint protection                                                       ; Off                ; Off                ;
; Synthesis Effort                                                                ; Auto               ; Auto               ;
; Shift Register Replacement - Allow Asynchronous Clear Signal                    ; On                 ; On                 ;
; Pre-Mapping Resynthesis Optimization                                            ; Off                ; Off                ;
; Analysis & Synthesis Message Level                                              ; Medium             ; Medium             ;
; Disable Register Merging Across Hierarchies                                     ; Auto               ; Auto               ;
; Resource Aware Inference For Block RAM                                          ; On                 ; On                 ;
; Automatic Parallel Synthesis                                                    ; On                 ; On                 ;
; Partial Reconfiguration Bitstream ID                                            ; Off                ; Off                ;
+---------------------------------------------------------------------------------+--------------------+--------------------+


+------------------------------------------+
; Parallel Compilation                     ;
+----------------------------+-------------+
; Processors                 ; Number      ;
+----------------------------+-------------+
; Number detected on machine ; 24          ;
; Maximum allowed            ; 16          ;
;                            ;             ;
; Average used               ; 1.00        ;
; Maximum used               ; 16          ;
;                            ;             ;
; Usage by Processor         ; % Time Used ;
;     Processor 1            ; 100.0%      ;
;     Processors 2-16        ;   0.0%      ;
+----------------------------+-------------+


+------------------------------------------------------------------------------------------------------------------------------------------------------------------------------------+
; Analysis & Synthesis Source Files Read                                                                                                                                             ;
+----------------------------------+-----------------+------------------------------------+--------------------------------------------------------------------------------+---------+
; File Name with User-Entered Path ; Used in Netlist ; File Type                          ; File Name with Absolute Path                                                   ; Library ;
+----------------------------------+-----------------+------------------------------------+--------------------------------------------------------------------------------+---------+
; uart_top.sv                      ; yes             ; Auto-Found SystemVerilog HDL File  ; C:/Users/Jaspe/repositories/ECE 111 Lab HW/Homework7/Lab7/uart_top/uart_top.sv ;         ;
; uart_tx.sv                       ; yes             ; Auto-Found SystemVerilog HDL File  ; C:/Users/Jaspe/repositories/ECE 111 Lab HW/Homework7/Lab7/uart_top/uart_tx.sv  ;         ;
; uart_rx.sv                       ; yes             ; Auto-Found SystemVerilog HDL File  ; C:/Users/Jaspe/repositories/ECE 111 Lab HW/Homework7/Lab7/uart_top/uart_rx.sv  ;         ;
+----------------------------------+-----------------+------------------------------------+--------------------------------------------------------------------------------+---------+


+------------------------------------------------------------+
; Analysis & Synthesis Resource Usage Summary                ;
+---------------------------------------------+--------------+
; Resource                                    ; Usage        ;
+---------------------------------------------+--------------+
; Estimate of Logic utilization (ALMs needed) ; 38           ;
;                                             ;              ;
; Combinational ALUT usage for logic          ; 51           ;
;     -- 7 input functions                    ; 3            ;
;     -- 6 input functions                    ; 21           ;
;     -- 5 input functions                    ; 9            ;
;     -- 4 input functions                    ; 12           ;
;     -- <=3 input functions                  ; 6            ;
;                                             ;              ;
; Dedicated logic registers                   ; 38           ;
;                                             ;              ;
; I/O pins                                    ; 23           ;
;                                             ;              ;
; Total DSP Blocks                            ; 0            ;
;                                             ;              ;
; Maximum fan-out node                        ; rx_clk~input ;
; Maximum fan-out                             ; 24           ;
; Total fan-out                               ; 379          ;
; Average fan-out                             ; 2.81         ;
+---------------------------------------------+--------------+


+-----------------------------------------------------------------------------------------------------------------------------------------------------------------------------------------+
; Analysis & Synthesis Resource Utilization by Entity                                                                                                                                     ;
+----------------------------+---------------------+---------------------------+-------------------+------------+------+--------------+----------------------+-------------+--------------+
; Compilation Hierarchy Node ; Combinational ALUTs ; Dedicated Logic Registers ; Block Memory Bits ; DSP Blocks ; Pins ; Virtual Pins ; Full Hierarchy Name  ; Entity Name ; Library Name ;
+----------------------------+---------------------+---------------------------+-------------------+------------+------+--------------+----------------------+-------------+--------------+
; |uart_top                  ; 51 (0)              ; 38 (0)                    ; 0                 ; 0          ; 23   ; 0            ; |uart_top            ; uart_top    ; work         ;
;    |uart_rx:rx|            ; 32 (32)             ; 24 (24)                   ; 0                 ; 0          ; 0    ; 0            ; |uart_top|uart_rx:rx ; uart_rx     ; work         ;
;    |uart_tx:tx|            ; 19 (19)             ; 14 (14)                   ; 0                 ; 0          ; 0    ; 0            ; |uart_top|uart_tx:tx ; uart_tx     ; work         ;
+----------------------------+---------------------+---------------------------+-------------------+------------+------+--------------+----------------------+-------------+--------------+
Note: For table entries with two numbers listed, the numbers in parentheses indicate the number of resources of the given type used by the specific entity alone. The numbers listed outside of parentheses indicate the total resources of the given type used by the specific entity and all of its sub-entities in the hierarchy.


Encoding Type:  One-Hot
+-----------------------------------------------------------------------------------------------------------------------------------------------------------------------------------------------------------------------------------------------------+
; State Machine - |uart_top|uart_rx:rx|state                                                                                                                                                                                                          ;
+--------------------+-------------------+--------------------+--------------------+--------------------+--------------------+--------------------+--------------------+--------------------+--------------------+--------------------+---------------+
; Name               ; state.RX_STOP_BIT ; state.RX_DATA_BIT7 ; state.RX_DATA_BIT6 ; state.RX_DATA_BIT5 ; state.RX_DATA_BIT4 ; state.RX_DATA_BIT3 ; state.RX_DATA_BIT2 ; state.RX_DATA_BIT1 ; state.RX_DATA_BIT0 ; state.RX_START_BIT ; state.RX_IDLE ;
+--------------------+-------------------+--------------------+--------------------+--------------------+--------------------+--------------------+--------------------+--------------------+--------------------+--------------------+---------------+
; state.RX_IDLE      ; 0                 ; 0                  ; 0                  ; 0                  ; 0                  ; 0                  ; 0                  ; 0                  ; 0                  ; 0                  ; 0             ;
; state.RX_START_BIT ; 0                 ; 0                  ; 0                  ; 0                  ; 0                  ; 0                  ; 0                  ; 0                  ; 0                  ; 1                  ; 1             ;
; state.RX_DATA_BIT0 ; 0                 ; 0                  ; 0                  ; 0                  ; 0                  ; 0                  ; 0                  ; 0                  ; 1                  ; 0                  ; 1             ;
; state.RX_DATA_BIT1 ; 0                 ; 0                  ; 0                  ; 0                  ; 0                  ; 0                  ; 0                  ; 1                  ; 0                  ; 0                  ; 1             ;
; state.RX_DATA_BIT2 ; 0                 ; 0                  ; 0                  ; 0                  ; 0                  ; 0                  ; 1                  ; 0                  ; 0                  ; 0                  ; 1             ;
; state.RX_DATA_BIT3 ; 0                 ; 0                  ; 0                  ; 0                  ; 0                  ; 1                  ; 0                  ; 0                  ; 0                  ; 0                  ; 1             ;
; state.RX_DATA_BIT4 ; 0                 ; 0                  ; 0                  ; 0                  ; 1                  ; 0                  ; 0                  ; 0                  ; 0                  ; 0                  ; 1             ;
; state.RX_DATA_BIT5 ; 0                 ; 0                  ; 0                  ; 1                  ; 0                  ; 0                  ; 0                  ; 0                  ; 0                  ; 0                  ; 1             ;
; state.RX_DATA_BIT6 ; 0                 ; 0                  ; 1                  ; 0                  ; 0                  ; 0                  ; 0                  ; 0                  ; 0                  ; 0                  ; 1             ;
; state.RX_DATA_BIT7 ; 0                 ; 1                  ; 0                  ; 0                  ; 0                  ; 0                  ; 0                  ; 0                  ; 0                  ; 0                  ; 1             ;
; state.RX_STOP_BIT  ; 1                 ; 0                  ; 0                  ; 0                  ; 0                  ; 0                  ; 0                  ; 0                  ; 0                  ; 0                  ; 1             ;
+--------------------+-------------------+--------------------+--------------------+--------------------+--------------------+--------------------+--------------------+--------------------+--------------------+--------------------+---------------+


Encoding Type:  One-Hot
+--------------------------------------------------------------------------------------------------------------------+
; State Machine - |uart_top|uart_tx:tx|state                                                                         ;
+--------------------+-------------------+-------------------+--------------------+---------------+------------------+
; Name               ; state.TX_STOP_BIT ; state.TX_DATA_BIT ; state.TX_START_BIT ; state.TX_IDLE ; state.TX_CLEANUP ;
+--------------------+-------------------+-------------------+--------------------+---------------+------------------+
; state.TX_IDLE      ; 0                 ; 0                 ; 0                  ; 0             ; 0                ;
; state.TX_START_BIT ; 0                 ; 0                 ; 1                  ; 1             ; 0                ;
; state.TX_DATA_BIT  ; 0                 ; 1                 ; 0                  ; 1             ; 0                ;
; state.TX_STOP_BIT  ; 1                 ; 0                 ; 0                  ; 1             ; 0                ;
; state.TX_CLEANUP   ; 0                 ; 0                 ; 0                  ; 1             ; 1                ;
+--------------------+-------------------+-------------------+--------------------+---------------+------------------+


+------------------------------------------------------------+
; Registers Removed During Synthesis                         ;
+---------------------------------------+--------------------+
; Register name                         ; Reason for Removal ;
+---------------------------------------+--------------------+
; uart_tx:tx|tx~en                      ; Lost fanout        ;
; uart_rx:rx|state~13                   ; Lost fanout        ;
; uart_rx:rx|state~14                   ; Lost fanout        ;
; uart_rx:rx|state~15                   ; Lost fanout        ;
; uart_rx:rx|state~16                   ; Lost fanout        ;
; uart_tx:tx|state~2                    ; Lost fanout        ;
; uart_tx:tx|state~3                    ; Lost fanout        ;
; Total Number of Removed Registers = 7 ;                    ;
+---------------------------------------+--------------------+


+------------------------------------------------------+
; General Register Statistics                          ;
+----------------------------------------------+-------+
; Statistic                                    ; Value ;
+----------------------------------------------+-------+
; Total registers                              ; 38    ;
; Number of registers using Synchronous Clear  ; 11    ;
; Number of registers using Synchronous Load   ; 0     ;
; Number of registers using Asynchronous Clear ; 0     ;
; Number of registers using Asynchronous Load  ; 0     ;
; Number of registers using Clock Enable       ; 4     ;
; Number of registers using Preset             ; 0     ;
+----------------------------------------------+-------+


+----------------------------------------------------------------------------------------------------------------------------------------------+
; Multiplexer Restructuring Statistics (Restructuring Performed)                                                                               ;
+--------------------+-----------+---------------+----------------------+------------------------+------------+--------------------------------+
; Multiplexer Inputs ; Bus Width ; Baseline Area ; Area if Restructured ; Saving if Restructured ; Registered ; Example Multiplexer Output     ;
+--------------------+-----------+---------------+----------------------+------------------------+------------+--------------------------------+
; 5:1                ; 4 bits    ; 12 LEs        ; 8 LEs                ; 4 LEs                  ; Yes        ; |uart_top|uart_tx:tx|count[3]  ;
; 6:1                ; 4 bits    ; 16 LEs        ; 8 LEs                ; 8 LEs                  ; Yes        ; |uart_top|uart_rx:rx|count[2]  ;
; 3:1                ; 3 bits    ; 6 LEs         ; 6 LEs                ; 0 LEs                  ; No         ; |uart_top|uart_tx:tx|bit_index ;
+--------------------+-----------+---------------+----------------------+------------------------+------------+--------------------------------+


+--------------------------------------------------------------------------+
; Parameter Settings for User Entity Instance: Top-level Entity: |uart_top ;
+------------------+-------+-----------------------------------------------+
; Parameter Name   ; Value ; Type                                          ;
+------------------+-------+-----------------------------------------------+
; NUM_CLKS_PER_BIT ; 16    ; Signed Integer                                ;
+------------------+-------+-----------------------------------------------+
Note: In order to hide this table in the UI and the text report file, please set the "Show Parameter Settings in Synthesis Report" option in "Analysis and Synthesis Settings -> More Settings" to "Off".


+---------------------------------------------------------+
; Parameter Settings for User Entity Instance: uart_tx:tx ;
+------------------+-------+------------------------------+
; Parameter Name   ; Value ; Type                         ;
+------------------+-------+------------------------------+
; NUM_CLKS_PER_BIT ; 16    ; Signed Integer               ;
+------------------+-------+------------------------------+
Note: In order to hide this table in the UI and the text report file, please set the "Show Parameter Settings in Synthesis Report" option in "Analysis and Synthesis Settings -> More Settings" to "Off".


+---------------------------------------------------------+
; Parameter Settings for User Entity Instance: uart_rx:rx ;
+------------------+-------+------------------------------+
; Parameter Name   ; Value ; Type                         ;
+------------------+-------+------------------------------+
; NUM_CLKS_PER_BIT ; 16    ; Signed Integer               ;
+------------------+-------+------------------------------+
Note: In order to hide this table in the UI and the text report file, please set the "Show Parameter Settings in Synthesis Report" option in "Analysis and Synthesis Settings -> More Settings" to "Off".


+-----------------------------------------------------+
; Post-Synthesis Netlist Statistics for Top Partition ;
+-----------------------+-----------------------------+
; Type                  ; Count                       ;
+-----------------------+-----------------------------+
; arriav_ff             ; 38                          ;
;     ENA               ; 4                           ;
;     SCLR              ; 11                          ;
;     plain             ; 23                          ;
; arriav_lcell_comb     ; 51                          ;
;     extend            ; 3                           ;
;         7 data inputs ; 3                           ;
;     normal            ; 48                          ;
;         2 data inputs ; 3                           ;
;         3 data inputs ; 3                           ;
;         4 data inputs ; 12                          ;
;         5 data inputs ; 9                           ;
;         6 data inputs ; 21                          ;
; boundary_port         ; 23                          ;
;                       ;                             ;
; Max LUT depth         ; 3.00                        ;
; Average LUT depth     ; 1.83                        ;
+-----------------------+-----------------------------+


+-------------------------------+
; Elapsed Time Per Partition    ;
+----------------+--------------+
; Partition Name ; Elapsed Time ;
+----------------+--------------+
; Top            ; 00:00:00     ;
+----------------+--------------+


+-------------------------------+
; Analysis & Synthesis Messages ;
+-------------------------------+
Info: *******************************************************************
Info: Running Quartus Prime Analysis & Synthesis
    Info: Version 20.1.1 Build 720 11/11/2020 SJ Lite Edition
    Info: Processing started: Mon Aug 25 17:22:23 2025
Info: Command: quartus_map --read_settings_files=on --write_settings_files=off uart_top -c uart_top
Warning (18236): Number of processors has not been specified which may cause overloading on shared machines.  Set the global assignment NUM_PARALLEL_PROCESSORS in your QSF to an appropriate value for best performance.
Info (20030): Parallel compilation is enabled and will use 16 of the 16 processors detected
Warning (12125): Using design file uart_top.sv, which is not specified as a design file for the current project, but contains definitions for 1 design units and 1 entities in project
    Info (12023): Found entity 1: uart_top File: C:/Users/Jaspe/repositories/ECE 111 Lab HW/Homework7/Lab7/uart_top/uart_top.sv Line: 2
Info (12127): Elaborating entity "uart_top" for the top level hierarchy
Warning (12125): Using design file uart_tx.sv, which is not specified as a design file for the current project, but contains definitions for 1 design units and 1 entities in project
    Info (12023): Found entity 1: uart_tx File: C:/Users/Jaspe/repositories/ECE 111 Lab HW/Homework7/Lab7/uart_top/uart_tx.sv Line: 2
Info (12128): Elaborating entity "uart_tx" for hierarchy "uart_tx:tx" File: C:/Users/Jaspe/repositories/ECE 111 Lab HW/Homework7/Lab7/uart_top/uart_top.sv Line: 25
Warning (10230): Verilog HDL assignment warning at uart_tx.sv(62): truncated value with size 32 to match size of target (4) File: C:/Users/Jaspe/repositories/ECE 111 Lab HW/Homework7/Lab7/uart_top/uart_tx.sv Line: 62
Warning (10230): Verilog HDL assignment warning at uart_tx.sv(77): truncated value with size 32 to match size of target (3) File: C:/Users/Jaspe/repositories/ECE 111 Lab HW/Homework7/Lab7/uart_top/uart_tx.sv Line: 77
Warning (10230): Verilog HDL assignment warning at uart_tx.sv(83): truncated value with size 32 to match size of target (4) File: C:/Users/Jaspe/repositories/ECE 111 Lab HW/Homework7/Lab7/uart_top/uart_tx.sv Line: 83
Warning (10230): Verilog HDL assignment warning at uart_tx.sv(99): truncated value with size 32 to match size of target (4) File: C:/Users/Jaspe/repositories/ECE 111 Lab HW/Homework7/Lab7/uart_top/uart_tx.sv Line: 99
Warning (12125): Using design file uart_rx.sv, which is not specified as a design file for the current project, but contains definitions for 1 design units and 1 entities in project
    Info (12023): Found entity 1: uart_rx File: C:/Users/Jaspe/repositories/ECE 111 Lab HW/Homework7/Lab7/uart_top/uart_rx.sv Line: 2
Info (12128): Elaborating entity "uart_rx" for hierarchy "uart_rx:rx" File: C:/Users/Jaspe/repositories/ECE 111 Lab HW/Homework7/Lab7/uart_top/uart_top.sv Line: 36
Warning (10230): Verilog HDL assignment warning at uart_rx.sv(60): truncated value with size 32 to match size of target (4) File: C:/Users/Jaspe/repositories/ECE 111 Lab HW/Homework7/Lab7/uart_top/uart_rx.sv Line: 60
Warning (10230): Verilog HDL assignment warning at uart_rx.sv(75): truncated value with size 32 to match size of target (4) File: C:/Users/Jaspe/repositories/ECE 111 Lab HW/Homework7/Lab7/uart_top/uart_rx.sv Line: 75
Warning (10230): Verilog HDL assignment warning at uart_rx.sv(87): truncated value with size 32 to match size of target (4) File: C:/Users/Jaspe/repositories/ECE 111 Lab HW/Homework7/Lab7/uart_top/uart_rx.sv Line: 87
Warning (10230): Verilog HDL assignment warning at uart_rx.sv(98): truncated value with size 32 to match size of target (4) File: C:/Users/Jaspe/repositories/ECE 111 Lab HW/Homework7/Lab7/uart_top/uart_rx.sv Line: 98
Warning (10230): Verilog HDL assignment warning at uart_rx.sv(108): truncated value with size 32 to match size of target (4) File: C:/Users/Jaspe/repositories/ECE 111 Lab HW/Homework7/Lab7/uart_top/uart_rx.sv Line: 108
Warning (10230): Verilog HDL assignment warning at uart_rx.sv(118): truncated value with size 32 to match size of target (4) File: C:/Users/Jaspe/repositories/ECE 111 Lab HW/Homework7/Lab7/uart_top/uart_rx.sv Line: 118
Warning (10230): Verilog HDL assignment warning at uart_rx.sv(128): truncated value with size 32 to match size of target (4) File: C:/Users/Jaspe/repositories/ECE 111 Lab HW/Homework7/Lab7/uart_top/uart_rx.sv Line: 128
Warning (10230): Verilog HDL assignment warning at uart_rx.sv(138): truncated value with size 32 to match size of target (4) File: C:/Users/Jaspe/repositories/ECE 111 Lab HW/Homework7/Lab7/uart_top/uart_rx.sv Line: 138
Warning (10230): Verilog HDL assignment warning at uart_rx.sv(148): truncated value with size 32 to match size of target (4) File: C:/Users/Jaspe/repositories/ECE 111 Lab HW/Homework7/Lab7/uart_top/uart_rx.sv Line: 148
Warning (10230): Verilog HDL assignment warning at uart_rx.sv(157): truncated value with size 32 to match size of target (4) File: C:/Users/Jaspe/repositories/ECE 111 Lab HW/Homework7/Lab7/uart_top/uart_rx.sv Line: 157
Warning (13046): Tri-state node(s) do not directly drive top-level pin(s)
    Warning (13049): Converted tri-state buffer "uart_tx:tx|tx" feeding internal logic into a wire File: C:/Users/Jaspe/repositories/ECE 111 Lab HW/Homework7/Lab7/uart_top/uart_tx.sv Line: 8
Info (286030): Timing-Driven Synthesis is running
Info (17049): 7 registers lost all their fanouts during netlist optimizations.
Info (16010): Generating hard_block partition "hard_block:auto_generated_inst"
    Info (16011): Adding 0 node(s), including 0 DDIO, 0 PLL, 0 transceiver and 0 LCELL
Info (21057): Implemented 74 device resources after synthesis - the final resource count might be different
    Info (21058): Implemented 13 input pins
    Info (21059): Implemented 10 output pins
    Info (21061): Implemented 51 logic cells
Info: Quartus Prime Analysis & Synthesis was successful. 0 errors, 20 warnings
    Info: Peak virtual memory: 4914 megabytes
    Info: Processing ended: Mon Aug 25 17:22:31 2025
    Info: Elapsed time: 00:00:08
    Info: Total CPU time (on all processors): 00:00:18


