------------------------------------------------------------
Timing Analyzer Summary
------------------------------------------------------------

Type  : Slow 1100mV 85C Model Setup 'clk'
Slack : -0.534
TNS   : -3.513

Type  : Slow 1100mV 85C Model Hold 'clk'
Slack : 0.532
TNS   : 0.000

Type  : Slow 1100mV 85C Model Minimum Pulse Width 'clk'
Slack : -0.724
TNS   : -8.859

Type  : Slow 1100mV 0C Model Setup 'clk'
Slack : -0.603
TNS   : -4.129

Type  : Slow 1100mV 0C Model Hold 'clk'
Slack : 0.509
TNS   : 0.000

Type  : Slow 1100mV 0C Model Minimum Pulse Width 'clk'
Slack : -0.724
TNS   : -9.046

Type  : Fast 1100mV 85C Model Setup 'clk'
Slack : 0.378
TNS   : 0.000

Type  : Fast 1100mV 85C Model Hold 'clk'
Slack : 0.193
TNS   : 0.000

Type  : Fast 1100mV 85C Model Minimum Pulse Width 'clk'
Slack : -0.079
TNS   : -0.625

Type  : Fast 1100mV 0C Model Setup 'clk'
Slack : 0.409
TNS   : 0.000

Type  : Fast 1100mV 0C Model Hold 'clk'
Slack : 0.184
TNS   : 0.000

Type  : Fast 1100mV 0C Model Minimum Pulse Width 'clk'
Slack : -0.080
TNS   : -0.630

------------------------------------------------------------
